[www.innovationplans.com/idesign/sam-martin/main.html]
[backblue.gif]
[fade.gif]
[index.html]
[www.innovationplans.com/idesign/sam-martin/img/favicon.ico]
[www.innovationplans.com/idesign/sam-martin/css/owl.carousel.min.css]
[www.innovationplans.com/idesign/sam-martin/css/bootstrap.min.css]
[www.innovationplans.com/idesign/sam-martin/css/owl.theme.default.min.css]
[www.innovationplans.com/idesign/sam-martin/css/magnific-popup.css]
[www.innovationplans.com/idesign/sam-martin/css/font-awesome.min.css]
[www.innovationplans.com/idesign/sam-martin/css/et-line.css]
[www.innovationplans.com/idesign/sam-martin/css/ionicons.min.css]
[www.innovationplans.com/idesign/sam-martin/css/style.css]
[www.innovationplans.com/idesign/sam-martin/js/html5shiv.min.js]
[www.innovationplans.com/idesign/sam-martin/img/logo-light.png]
[www.innovationplans.com/idesign/sam-martin/img/hero.jpg]
[www.innovationplans.com/idesign/sam-martin/img/portfolio/1.jpg]
[www.innovationplans.com/idesign/sam-martin/img/portfolio/2.jpg]
[www.innovationplans.com/idesign/sam-martin/img/portfolio/3.jpg]
[www.innovationplans.com/idesign/sam-martin/img/portfolio/4.jpg]
[www.innovationplans.com/idesign/sam-martin/img/portfolio/5.jpg]
[www.innovationplans.com/idesign/sam-martin/img/portfolio/6.jpg]
[www.innovationplans.com/idesign/sam-martin/blog.html]
[www.innovationplans.com/idesign/sam-martin/img/blog/1.jpg]
[www.innovationplans.com/idesign/sam-martin/img/blog/2.jpg]
[www.innovationplans.com/idesign/sam-martin/img/blog/3.jpg]
[www.innovationplans.com/idesign/sam-martin/js/jquery-3.0.0.min.js]
[www.innovationplans.com/idesign/sam-martin/js/jquery-migrate-3.0.0.min.js]
[www.innovationplans.com/idesign/sam-martin/js/bootstrap.min.js]
[www.innovationplans.com/idesign/sam-martin/js/scrollIt.min.js]
[www.innovationplans.com/idesign/sam-martin/js/jquery.magnific-popup.min.js]
[www.innovationplans.com/idesign/sam-martin/js/owl.carousel.min.js]
[www.innovationplans.com/idesign/sam-martin/js/jquery.stellar.min.js]
[www.innovationplans.com/idesign/sam-martin/js/typed.js]
[www.innovationplans.com/idesign/sam-martin/js/jquery.waypoints.min.js]
[www.innovationplans.com/idesign/sam-martin/js/jquery.counterup.min.js]
[www.innovationplans.com/idesign/sam-martin/js/validator.js]
[www.innovationplans.com/idesign/sam-martin/js/custom.js]
[www.innovationplans.com/idesign/sam-martin/js/isotope.pkgd.min.js]
[www.innovationplans.com/idesign/sam-martin/main.html]
[www.innovationplans.com/idesign/sam-martin/fonts/glyphicons-halflings-regular.eot]
[www.innovationplans.com/idesign/sam-martin/fonts/glyphicons-halflings-regulard41d.eot]
[www.innovationplans.com/idesign/sam-martin/fonts/glyphicons-halflings-regular.woff2]
[www.innovationplans.com/idesign/sam-martin/fonts/glyphicons-halflings-regular.woff]
[www.innovationplans.com/idesign/sam-martin/fonts/glyphicons-halflings-regular.ttf]
[www.innovationplans.com/idesign/sam-martin/css/bootstrap.min.css]
[www.innovationplans.com/idesign/sam-martin/css/owl.carousel.min.css]
[www.innovationplans.com/idesign/sam-martin/css/owl.theme.default.min.css]
[www.innovationplans.com/idesign/sam-martin/css/magnific-popup.css]
[www.innovationplans.com/idesign/sam-martin/fonts/fontawesome-webfont3e6e.eot]
[www.innovationplans.com/idesign/sam-martin/fonts/fontawesome-webfontd41d.eot]
[www.innovationplans.com/idesign/sam-martin/fonts/fontawesome-webfont3e6e.woff2]
[www.innovationplans.com/idesign/sam-martin/fonts/fontawesome-webfont3e6e.woff]
[www.innovationplans.com/idesign/sam-martin/fonts/fontawesome-webfont3e6e.ttf]
[www.innovationplans.com/idesign/sam-martin/fonts/fontawesome-webfont3e6e.svg]
[www.innovationplans.com/idesign/sam-martin/css/font-awesome.min.css]
[www.innovationplans.com/idesign/sam-martin/fonts/et-line.eot]
[www.innovationplans.com/idesign/sam-martin/fonts/et-line.woff]
[www.innovationplans.com/idesign/sam-martin/fonts/et-line.ttf]
[www.innovationplans.com/idesign/sam-martin/fonts/et-lined41d.eot]
[www.innovationplans.com/idesign/sam-martin/css/et-line.css]
[www.innovationplans.com/idesign/sam-martin/fonts/ionicons28b5.eot]
[www.innovationplans.com/idesign/sam-martin/fonts/ionicons28b5.ttf]
[www.innovationplans.com/idesign/sam-martin/fonts/ionicons28b5.woff]
[www.innovationplans.com/idesign/sam-martin/fonts/ionicons28b5.svg]
[www.innovationplans.com/idesign/sam-martin/css/ionicons.min.css]
[www.innovationplans.com/idesign/sam-martin/css/main.css]
[www.innovationplans.com/idesign/sam-martin/img/bg.jpg]
[www.innovationplans.com/idesign/sam-martin/img/blog/blog-bg.jpg]
[www.innovationplans.com/idesign/sam-martin/img/1.jpg]
[www.innovationplans.com/idesign/sam-martin/img/2.jpg]
[www.innovationplans.com/idesign/sam-martin/img/3.jpg]
[www.innovationplans.com/idesign/sam-martin/img/4.jpg]
[www.innovationplans.com/idesign/sam-martin/css/style.css]
[www.innovationplans.com/idesign/sam-martin/js/html5shiv.min.js]
[www.innovationplans.com/idesign/sam-martin/img/blog/4.jpg]
[www.innovationplans.com/idesign/sam-martin/img/blog/hero.jpg]
[www.innovationplans.com/idesign/sam-martin/blog.html]
[www.innovationplans.com/idesign/sam-martin/blog-single.html]
[www.innovationplans.com/idesign/sam-martin/js/jquery-3.0.0.min.js]
[www.innovationplans.com/idesign/sam-martin/js/jquery-migrate-3.0.0.min.js]
[www.innovationplans.com/idesign/sam-martin/Popover requires tooltip.js]
[www.innovationplans.com/idesign/sam-martin/js/bootstrap.min.js]
[www.innovationplans.com/idesign/sam-martin/js/scrollIt.min.js]
[www.innovationplans.com/idesign/sam-martin/js/jquery.magnific-popup.min.js]
[www.innovationplans.com/idesign/sam-martin/js/owl.carousel.min.js]
[www.innovationplans.com/idesign/sam-martin/js/jquery.stellar.min.js]
[www.innovationplans.com/idesign/sam-martin/js/typed.js]
[www.innovationplans.com/idesign/sam-martin/js/jquery.waypoints.min.js]
[www.innovationplans.com/idesign/sam-martin/js/jquery.counterup.min.js]
[www.innovationplans.com/idesign/sam-martin/js/isotope.pkgd.min.js]
[www.innovationplans.com/idesign/sam-martin/js/validator.js]
[www.innovationplans.com/idesign/sam-martin/img/logo-dark.png]
[www.innovationplans.com/idesign/sam-martin/contact.html]
[www.innovationplans.com/idesign/sam-martin/js/custom.js]
[www.innovationplans.com/idesign/sam-martin/fonts/glyphicons-halflings-regular.html]
[www.innovationplans.com/idesign/sam-martin/fonts/glyphicons-halflings-regular.svg]
[www.innovationplans.com/idesign/sam-martin/css/owl.video.play.html]
[www.innovationplans.com/idesign/sam-martin/fonts/fontawesome-webfont3e6e.html]
[www.innovationplans.com/idesign/sam-martin/fonts/et-line.svg]
[www.innovationplans.com/idesign/sam-martin/fonts/ionicons28b5.html]
[www.innovationplans.com/idesign/sam-martin/fonts/ionicons28b5-2.html]
[www.innovationplans.com/idesign/sam-martin/css/main.css]
[www.innovationplans.com/idesign/sam-martin/img/blog/00.png]
[www.innovationplans.com/idesign/sam-martin/blog-single.html]
[www.innovationplans.com/idesign/sam-martin/Popover requires tooltip.html]
[www.innovationplans.com/idesign/sam-martin/contact.html]
